<html>
	<head>
	<style>span{width:100%}</style></head>
	<body>
		<div id="app"></div>
		<script>
(function () {
	var paths = ["","foo"];
	var html = ["<div id=\"app\"><div>hello world a</div></div>","<div id=\"app\"><div>hello world a</div></div>"];
	var element = document.getElementById('app');
	var target;
	paths.some(function (path, i) {
		var match = (typeof path === 'string' && path === window.location.hash) || path && (typeof path === 'object' && path.match && new RegExp(path.match.join('|')).test(window.location.hash));
		if (match) {
			target = html[i];
		}
		return match;
	});
	if (target && element) {
		var frag = document.createRange().createContextualFragment(target);
		element.parentNode.replaceChild(frag, element);
	}
}())
</script><link rel="stylesheet" href="main.css" media="none" onload="if(media!='all')media='all'" /><script type="text/javascript" src="bootstrap.js"></script><script type="text/javascript" src="main.js"></script>
	</body>
</html>
