<html>
	<head>
		<base href="/">
		<link rel="manifest" href="manifest.json">
	<style>.hello{background:red}span{width:100%}</style></head>
	<body>
		<div id="app"><div class="hello another">{"staticFeatures":{"build-time-render":true}}<img src="https://example.com"><img src="http://example.com"><img src="/image.svg"><img src="./relative-image.svg"><img src="../other-relative-image.svg"></div></div>
	</body>
</html>
