<html>
	<head>
	<style>span{width:100%}</style></head>
	<body>
		<div id="app"><div>hello world a</div></div>
		<script type="text/javascript" src="runtime.js"></script><script type="text/javascript" src="main.js"></script>
	<script type="text/javascript" src="runtime/block-49e457933c3c36eeb77f.js" async="true"></script></body>
</html>
