<html>
	<head>
		<link rel="manifest" href="../../manifest.json" />
	<style>.other.another{color:pink;background:url("../../relative.png");background:url("/root.png");background:url("../.././relative.png");background:url("../../../relative.png");background:url("https://example.com");background:url("http://example.com");background:url(https://example.com);background:url(http://example.com)}span{width:100%}</style></head>
	<body>
		<div id="app"><div class="other">Other</div></div>
		<script>
window.__public_path__ = window.location.pathname.replace(/my-path\/other(\/)?/, '');
</script><link rel="stylesheet" href="../../main.css" /><script type="text/javascript" src="../../runtime.js"></script><script type="text/javascript" src="../../main.js"></script>
	</body>
</html>
